// Jest Snapshot v1, https://goo.gl/fbAQLP

exports[`<Card/> render with default/required props 1`] = `
<span
  className="card hearts rank14"
/>
`;
